// Jest Snapshot v1, https://goo.gl/fbAQLP

exports[`Name component should render component correctly 1`] = `
<div>
  <span>
    hello
  </span>
</div>
`;
